the, 447
Minecraft, 372
up, 279
Jump, 263
to, 247
Retrieved, 232
and, 224
of, 224
in, 180
a, 171
game, 146
The, 120
on, 111
for, 98
s, 82
December, 80
was, 80
as, 77
that, 75
November, 72
is, 70
Edition, 70
by, 67
Mojang, 66
with, 65
September, 64
Xbox, 63
October, 60
PC, 54
version, 52
January, 52
players, 51
from, 49
In, 47
be, 40
July, 40
an, 39
it, 39
Game, 38
b, 38
February, 37
released, 36
August, 33
can, 33
world, 33
are, 32
at, 32
Games, 32
have, 31
IGN, 31
mode, 31
also, 31
Microsoft, 30
June, 30
March, 29
Gamer, 27
has, 27
Windows, 27
May, 26
Persson, 26
On, 26
not, 25
which, 25
U, 25
PlayStation, 24
million, 24
April, 24
such, 23
Future, 23
Pocket, 23
CBS, 22
A, 22
or, 22
player, 22
Interactive, 22
plc, 21
video, 21
their, 21
PS, 21
server, 21
were, 21
will, 20
this, 20
release, 20
Wii, 20
all, 20
announced, 20
been, 19
MineCon, 19
new, 18
It, 18
Video, 18
Media, 18
Best, 18
blocks, 18
other, 17
Nintendo, 17
GameSpot, 17
Awards, 17
games, 17
versions, 17
Markus, 16
play, 16
original, 16
time, 16
c, 15
but, 15
Network, 15
Mode, 15
support, 15
One, 15
first, 15
later, 14
Vita, 14
more, 14
Eurogamer, 14
Review, 14
items, 14
best, 14
Kotaku, 14
Players, 14
Live, 14
one, 14
UK, 13
they, 13
Archived, 13
content, 13
sold, 12
various, 12
would, 12
sales, 12
its, 12
no, 12
Lego, 12
This, 12
available, 12
Tom, 12
developed, 12
generated, 11
based, 11
Life, 11
out, 11
Notch, 11
called, 11
system, 11
Rock, 11
Paper, 11
multiplayer, 11
Shotgun, 11
custom, 11
copies, 11
Story, 11
features, 11
made, 11
maps, 11
Gamasutra, 10
you, 10
At, 10
received, 10
two, 10
when, 10
packs, 10
including, 10
music, 10
D, 10
By, 10
computer, 10
gameplay, 10
set, 10
into, 10
well, 10
Coming, 10
who, 10
Pi, 10
Of, 10
Phone, 9
created, 9
beta, 9
being, 9
Wired, 9
Metacritic, 9
com, 9
year, 9
TV, 9
Release, 9
Arcade, 9
e, 9
Is, 9
project, 9
building, 9
article, 9
Block, 9
use, 9
t, 9
some, 9
crafting, 9
update, 9
had, 9
block, 9
community, 9
around, 9
mod, 8
New, 8
between, 8
Official, 8
Polygon, 8
All, 8
Time, 8
about, 8
servers, 8
through, 8
YouTube, 8
creative, 8
virtual, 8
where, 8
over, 8
alpha, 8
only, 8
BBC, 8
Gawker, 8
full, 8
using, 8
launch, 8
Indie, 8
own, 8
Choice, 7
added, 7
Year, 7
may, 7
craft, 7
award, 7
th, 7
Android, 7
people, 7
children, 7
changes, 7
online, 7
Japan, 7
News, 7
Wikipedia, 7
known, 7
mobs, 7
World, 7
users, 7
nominated, 7
To, 7
iOS, 7
resources, 7
texture, 7
students, 7
Education, 7
place, 7
Creative, 7
build, 7
Award, 7
survival, 7
selling, 7
won, 7
large, 6
user, 6
after, 6
second, 6
via, 6
title, 6
does, 6
making, 6
Top, 6
How, 6
Nether, 6
Brian, 6
spawn, 6
Owen, 6
Volume, 6
now, 6
include, 6
creatures, 6
hostile, 6
official, 6
With, 6
videos, 6
built, 6
ability, 6
lack, 6
development, 6
As, 6
Mark, 6
Magazine, 6
Jim, 6
how, 6
began, 6
Online, 6
Raspberry, 6
there, 6
British, 6
review, 6
cross, 6
his, 6
updates, 6
allows, 5
down, 5
releases, 5
projects, 5
merchandise, 5
Beta, 5
able, 5
Studios, 5
same, 5
coming, 5
Digital, 5
X, 5
Matt, 5
platform, 5
day, 5
friends, 5
access, 5
physical, 5
Realms, 5
worlds, 5
Alpha, 5
single, 5
These, 5
across, 5
platforms, 5
things, 5
For, 5
without, 5
stated, 5
Some, 5
create, 5
Alec, 5
similar, 5
popular, 5
due, 5
chunks, 5
Mine, 5
along, 5
clones, 5
Meer, 5
eShop, 5
addition, 5
interface, 5
Bros, 5
console, 5
Super, 5
End, 5
stone, 5
within, 5
buy, 5
Survival, 5
Telltale, 5
Rosenfeld, 5
Adventure, 5
hunger, 5
bar, 5
GameSpy, 5
used, 5
Kids, 5
Scott, 5
However, 5
difficulty, 5
reality, 5
needed, 5
There, 5
Good, 5
receive, 5
Downloadable, 5
Art, 5
awarded, 5
off, 5
Gaming, 5
See, 5
point, 5
franchise, 5
pack, 5
Daniel, 5
Twitter, 5
Computer, 5
them, 5
Main, 5
mods, 5
billion, 5
tools, 5
US, 5
acquisition, 5
Rift, 5
port, 5
Jens, 5
Play, 5
longer, 5
Warner, 5
portal, 5
Bergensten, 5
than, 5
officially, 5
certain, 4
do, 4
held, 4
Inc, 4
Player, 4
books, 4
last, 4
page, 4
menu, 4
having, 4
four, 4
screen, 4
Makuch, 4
Movie, 4
specifically, 4
designed, 4
help, 4
variety, 4
wide, 4
commands, 4
tickets, 4
if, 4
Andrew, 4
gamesPlayStation, 4
MINECON, 4
d, 4
re, 4
character, 4
Date, 4
possible, 4
Eddie, 4
Prize, 4
just, 4
five, 4
First, 4
hit, 4
interview, 4
additional, 4
make, 4
weeks, 4
m, 4
download, 4
concept, 4
Now, 4
revealed, 4
Vox, 4
contain, 4
add, 4
America, 4
digital, 4
Technica, 4
Independent, 4
arts, 4
Museum, 4
Nathan, 4
Boing, 4
Spike, 4
party, 4
bit, 4
Rossignol, 4
GameZone, 4
adding, 4
TIGA, 4
Ars, 4
Informer, 4
category, 4
however, 4
North, 4
South, 4
Mike, 4
More, 4
Part, 4
net, 4
becoming, 4
Cube, 4
company, 4
Million, 4
public, 4
M, 4
elements, 4
Albert, 4
he, 4
Phillips, 4
Bui, 4
related, 4
Thomas, 4
still, 4
J, 4
Inside, 4
less, 4
Java, 4
k, 4
Herobrine, 4
Whitehead, 4
v, 4
includes, 4
C, 4
Working, 4
open, 4
developer, 4
control, 4
most, 4
Grand, 4
sets, 4
adventure, 4
deal, 4
show, 4
animals, 4
fly, 4
infinite, 4
links, 4
Most, 4
noted, 4
unique, 4
enable, 4
creature, 4
awards, 4
reviewers, 4
free, 4
Creeper, 4
Spectator, 4
Multiplayer, 4
Development, 4
different, 4
default, 4
Although, 4
many, 4
Console, 4
Page, 4
often, 4
allowing, 4
sandbox, 4
procedurally, 4
non, 4
Entertainment, 4
Swedish, 4
placed, 4
ranging, 4
Gameplay, 4
Thirlwell, 3
John, 3
updated, 3
since, 3
Style, 3
Mobile, 3
feature, 3
gamesXbox, 3
commentators, 3
Another, 3
view, 3
Evans, 3
material, 3
command, 3
Calvert, 3
way, 3
GameStop, 3
VR, 3
CraftBukkit, 3
Geodata, 3
generally, 3
Danish, 3
Webster, 3
E, 3
DS, 3
hardcore, 3
critics, 3
setting, 3
devices, 3
S, 3
Phones, 3
Vu, 3
Jaz, 3
An, 3
works, 3
under, 3
person, 3
About, 3
take, 3
disappointed, 3
learn, 3
good, 3
start, 3
language, 3
Winners, 3
Edwin, 3
Darren, 3
Builds, 3
multiple, 3
locations, 3
run, 3
Marsh, 3
ores, 3
registered, 3
teleport, 3
included, 3
Penny, 3
He, 3
monsters, 3
several, 3
never, 3
Infiniminer, 3
work, 3
Gets, 3
Community, 3
early, 3
ISBN, 3
Mario, 3
style, 3
aspect, 3
blocky, 3
water, 3
lava, 3
wanted, 3
Alex, 3
right, 3
major, 3
map, 3
mash, 3
Classic, 3
Davies, 3
AB, 3
Minecon, 3
deadmau, 3
modding, 3
Mashable, 3
Apple, 3
Switch, 3
placing, 3
According, 3
Edge, 3
gather, 3
Agency, 3
Press, 3
plans, 3
programming, 3
IP, 3
young, 3
date, 3
environments, 3
range, 3
UN, 3
further, 3
phase, 3
here, 3
allow, 3
Boy, 3
Scrolls, 3
reached, 3
fourth, 3
OS, 3
Commons, 3
materials, 3
hours, 3
Denmark, 3
License, 3
series, 3
Reception, 3
Reviews, 3
constructions, 3
much, 3
Smithsonian, 3
film, 3
edition, 3
damage, 3
vinyl, 3
Rob, 3
resource, 3
Developers, 3
Jason, 3
main, 3
Festival, 3
Gallegos, 3
hard, 3
selected, 3
episodes, 3
featured, 3
Anthony, 3
McNally, 3
movie, 3
gaming, 3
Music, 3
Park, 3
Virtual, 3
areas, 3
list, 3
acquire, 3
older, 3
classic, 3
order, 3
Audio, 3
Revealed, 3
operating, 3
Brown, 3
events, 3
health, 3
though, 3
periodically, 3
Senior, 3
except, 3
Confirmed, 3
XBLA, 3
International, 3
wood, 3
Announcing, 3
citation, 3
Academy, 3
written, 3
activities, 3
item, 3
said, 3
trading, 3
then, 3
program, 3
education, 3
Guardian, 3
Facebook, 3
food, 3
consisting, 3
three, 3
Davis, 3
References, 3
tool, 3
Ziff, 3
designer, 3
limited, 3
specific, 3
every, 3
Building, 3
MinecraftEdu, 3
educational, 3
produced, 3
Lee, 3
named, 3
teach, 3
quickly, 3
You, 3
PSV, 3
before, 3
titled, 3
Reilly, 3
Sales, 3
experience, 3
Stone, 3
MinecraftEDU, 3
soundtrack, 3
friendly, 3
confirmed, 3
DB, 3
Other, 3
Ender, 3
Verge, 3
Further, 3
Paul, 3
clone, 2
downloadable, 2
others, 2
titles, 2
Blockheads, 2
Siliconera, 2
art, 2
Dean, 2
LEGO, 2
role, 2
Announce, 2
Stories, 2
ones, 2
API, 2
audio, 2
planned, 2
got, 2
fans, 2
don, 2
easier, 2
launching, 2
launched, 2
Store, 2
Portal, 2
cycle, 2
mon, 2
Pok, 2
Month, 2
too, 2
XONE, 2
night, 2
Oculus, 2
bring, 2
towards, 2
oriented, 2
Inspired, 2
Trends, 2
code, 2
GamePad, 2
closer, 2
Fire, 2
Gamescom, 2
Amazon, 2
COO, 2
mobile, 2
Totilo, 2
Hollywood, 2
did, 2
What, 2
Not, 2
usually, 2
releasing, 2
trailer, 2
Europe, 2
showed, 2
next, 2
praise, 2
Deadline, 2
hasn, 2
Stephen, 2
Nexis, 2
Kroll, 2
Bandcamp, 2
Show, 2
those, 2
Yahoo, 2
controller, 2
Island, 2
Sony, 2
Mac, 2
Discovery, 2
Internet, 2
freely, 2
these, 2
caves, 2
Battleminer, 2
Justin, 2
home, 2
tutorials, 2
Meunier, 2
trademark, 2
Be, 2
Creator, 2
Big, 2
Clone, 2
Variety, 2
shows, 2
ported, 2
Vivecraft, 2
Shire, 2
hardware, 2
episode, 2
Frampton, 2
Film, 2
David, 2
completed, 2
started, 2
positive, 2
Social, 2
choice, 2
External, 2
eighth, 2
reading, 2
Notes, 2
Citations, 2
notes, 2
Applications, 2
Merchandise, 2
Seumas, 2
Adaptations, 2
impact, 2
And, 2
especially, 2
Excellence, 2
controls, 2
reviews, 2
parodies, 2
achievement, 2
Munro, 2
Daily, 2
Record, 2
already, 2
Title, 2
creations, 2
freedom, 2
great, 2
kind, 2
footage, 2
Joystiq, 2
York, 2
intellectual, 2
property, 2
saying, 2
Luke, 2
Listen, 2
Cultural, 2
Glu, 2
Favorite, 2
Contents, 2
lost, 2
downloads, 2
Duncan, 2
episodic, 2
spin, 2
Hardcore, 2
teachers, 2
gives, 2
Flag, 2
subjects, 2
consoles, 2
Think, 2
Spy, 2
Black, 2
Corey, 2
Since, 2
USgamer, 2
family, 2
Industry, 2
photos, 2
Spin, 2
Well, 2
months, 2
Finally, 2
GameCity, 2
reception, 2
American, 2
Go, 2
Critical, 2
part, 2
Students, 2
From, 2
User, 2
GAME, 2
Special, 2
student, 2
Personal, 2
Commercial, 2
skins, 2
owns, 2
steps, 2
revenue, 2
Gaga, 2
Lady, 2
simulation, 2
approximately, 2
dirt, 2
Than, 2
iPhone, 2
iPad, 2
VG, 2
Team, 2
played, 2
pattern, 2
announcement, 2
see, 2
AOL, 2
school, 2
G, 2
grid, 2
webcomic, 2
references, 2
introducing, 2
combines, 2
Out, 2
Retail, 2
Next, 2
themed, 2
Mass, 2
Effect, 2
svg, 2
Fallout, 2
Salon, 2
purchases, 2
publisher, 2
Its, 2
After, 2
Y, 2
Sensation, 2
media, 2
helped, 2
referenced, 2
fixed, 2
noting, 2
Gangnam, 2
parody, 2
McDougall, 2
Download, 2
IndieGames, 2
highest, 2
panel, 2
Television, 2
introduced, 2
millions, 2
Update, 2
organisation, 2
criticised, 2
third, 2
channel, 2
option, 2
Reviewers, 2
memorable, 2
graphics, 2
owned, 2
Score, 2
Set, 2
Miller, 2
PE, 2
UP, 2
objects, 2
composed, 2
behind, 2
calling, 2
core, 2
grants, 2
Nominees, 2
icon, 2
Critics, 2
complex, 2
commenting, 2
Tetris, 2
ended, 2
praised, 2
mechanics, 2
Messick, 2
data, 2
Paris, 2
London, 2
creation, 2
tasks, 2
discussed, 2
visual, 2
heavily, 2
aided, 2
design, 2
redstone, 2
redesign, 2
buildings, 2
parks, 2
trade, 2
Making, 2
Platform, 2
goods, 2
limits, 2
functionality, 2
developing, 2
involving, 2
emeralds, 2
group, 2
what, 2
any, 2
file, 2
schools, 2
inventory, 2
CAD, 2
Adds, 2
Fortress, 2
number, 2
Teaching, 2
Bahasa, 2
like, 2
armour, 2
hell, 2
Enderman, 2
I, 2
while, 2
behaviour, 2
weapons, 2
exhibits, 2
few, 2
Advance, 2
crafted, 2
Atari, 2
distance, 2
explore, 2
expanded, 2
displayed, 2
Cheshire, 2
Into, 2
maintained, 2
instantly, 2
pickaxes, 2
codes, 2
working, 2
although, 2
Walton, 2
published, 2
Are, 2
Cobalt, 2
dubbed, 2
easily, 2
Upon, 2
owners, 2
invited, 2
hosted, 2
look, 2
another, 2
effects, 2
away, 2
differs, 2
gamesWii, 2
gamesWindows, 2
Chris, 2
intended, 2
required, 2
restrictions, 2
planning, 2
solid, 2
Urban, 2
death, 2
affected, 2
When, 2
could, 2
dies, 2
so, 2
ideas, 2
example, 2
source, 2
primitive, 2
Walker, 2
systems, 2
adds, 2
environmental, 2
visualise, 2
adventures, 2
special, 2
electrical, 2
each, 2
hassle, 2
Wikidata, 2
Linux, 2
printers, 2
current, 2
plugins, 2
today, 2
limit, 2
your, 2
fighting, 2
originally, 2
destroy, 2
rules, 2
Habitat, 2
creates, 2
enter, 2
Wiki, 2
nearby, 2
gamesNintendo, 2
loaded, 2
hosting, 2
circuits, 2
Single, 2
buggier, 2
local, 2
Wikimedia, 2
join, 2
computers, 2
citizens, 2
Adding, 2
meters, 2
Manneh, 2
dimension, 2
Zombie, 2
Unlike, 2
course, 2
Forbes, 2
Soon, 2
receiving, 2
share, 2
store, 2
sell, 2
overworld, 2
back, 2
axes, 2
allowed, 2
team, 2
Teaches, 2
Friday, 2
Gough, 2
modes, 2
Man, 2
blog, 2
outside, 2
must, 2
Public, 2
General, 2
budget, 2
contributors, 2
CNET, 2
entering, 2
cubes, 2
de, 2
upon, 2
Foundation, 2
characters, 2
McElhenney, 2
Privacy, 2
Levy, 2
enhance, 2
Shawn, 2
Micro, 2
Dragon, 2
information, 2
Mods, 2
Peckham, 2
issued, 2
dragon, 2
dedicated, 2
Cuusoo, 2
acclaimed, 2
indie, 2
electronic, 2
Billion, 2
primarily, 2
Ghostly, 2
sound, 2
boss, 2
Klint, 2
T, 2
Fuchs, 2
depleted, 2
author, 2
get, 2
took, 2
Times, 2
Business, 2
Sells, 2
Available, 2
employees, 2
hired, 2
Over, 2
Jill, 2
spectator, 2
leading, 2
top, 2
eventually, 2
board, 2
both, 2
Roy, 2
go, 2
real, 2
we, 2
nearly, 2
Norsk, 2
event, 2
Terrain, 2
book, 2
lead, 2
If, 2
Peaceful, 2
during, 2
either, 2
signed, 2
modification, 2
maintain, 2
Sloven, 2
ina, 2
amongst, 2
ownership, 2
Julian, 2
improve, 2
Group, 2
developers, 2
claim, 2
attacks, 2
modifications, 2
Records, 1
Original, 1
Videogamer, 1
GameFly, 1
Shacknews, 1
smashed, 1
milestone, 1
Marriott, 1
Users, 1
Cheats, 1
Conditt, 1
OXM, 1
Registered, 1
Controls, 1
Borthwick, 1
Reaches, 1
Settings, 1
guide, 1
Josh, 1
Jessica, 1
Faubert, 1
Breaks, 1
Ben, 1
lands, 1
Boots, 1
beginner, 1
Watt, 1
generation, 1
Liebl, 1
Mash, 1
Alloy, 1
Customers, 1
jungle, 1
Escapist, 1
fully, 1
biome, 1
Creates, 1
soon, 1
Orland, 1
Greg, 1
Kyle, 1
cracks, 1
Draws, 1
Paying, 1
Seed, 1
Map, 1
snapshot, 1
Demystification, 1
Short, 1
currency, 1
sandstone, 1
Revenue, 1
stairs, 1
aspects, 1
Tito, 1
Shields, 1
Popular, 1
Damn, 1
finale, 1
epic, 1
Pack, 1
Incoming, 1
Statistics, 1
endless, 1
Ending, 1
Chatfield, 1
outsold, 1
Pass, 1
model, 1
encyclopedia, 1
Built, 1
SK, 1
Plunkett, 1
Explained, 1
Goop, 1
Why, 1
So, 1
Dragons, 1
clearer, 1
BiomeShock, 1
textured, 1
Worlds, 1
Francis, 1
GamesRadar, 1
costumes, 1
Samit, 1
Sandbox, 1
Version, 1
Streaming, 1
web, 1
struggling, 1
majornelson, 1
Nelson, 1
Major, 1
migrating, 1
Larry, 1
Hryb, 1
Och, 1
med, 1
dom, 1
Center, 1
mojang, 1
begins, 1
orden, 1
am, 1
Full, 1
Carlo, 1
Fernandez, 1
Jenni, 1
Trailer, 1
Changing, 1
Evan, 1
cult, 1
Campbell, 1
ign, 1
Toivonen, 1
passar, 1
Uk, 1
sorry, 1
contents, 1
Hiring, 1
final, 1
getting, 1
enormous, 1
office, 1
GMT, 1
Artist, 1
heroes, 1
Developer, 1
Publisher, 1
Billionaire, 1
Post, 1
Ryan, 1
Shaw, 1
Global, 1
maker, 1
acquires, 1
Bass, 1
Dina, 1
Buy, 1
pm, 1
Maker, 1
Updated, 1
Bloomberg, 1
Nicole, 1
Bogart, 1
Sarkar, 1
God, 1
Credits, 1
Cost, 1
Only, 1
presents, 1
FACT, 1
jag, 1
micken, 1
Word, 1
Strengthened, 1
Bukkit, 1
summer, 1
Donlan, 1
wrote, 1
end, 1
Keith, 1
taken, 1
Stuart, 1
DMCA, 1
Kirk, 1
Hamilton, 1
Designer, 1
tries, 1
InterActiveCorp, 1
McDougal, 1
Lite, 1
Sebastian, 1
supported, 1
VentureBeat, 1
dresses, 1
Cliffy, 1
B, 1
Hybrid, 1
Savage, 1
Phil, 1
Grayson, 1
Box, 1
uses, 1
Universal, 1
LAN, 1
Updates, 1
Introduces, 1
Samantha, 1
Haley, 1
Tate, 1
Steinlage, 1
Protalinski, 1
DLC, 1
Steve, 1
tripwires, 1
Genre, 1
Watts, 1
Launching, 1
Getting, 1
Ready, 1
Trading, 1
Bed, 1
Mitch, 1
Dyer, 1
Hatfield, 1
shuts, 1
teased, 1
Web, 1
die, 1
Emil, 1
Horse, 1
Agent, 1
Murphy, 1
Engadget, 1
increasingly, 1
Rose, 1
European, 1
Frank, 1
Allegra, 1
logo, 1
gets, 1
Handy, 1
Interview, 1
Perfectly, 1
Talks, 1
Blockbuster, 1
Smith, 1
Graham, 1
Composer, 1
Moments, 1
Also, 1
hopes, 1
conquering, 1
ahead, 1
lies, 1
Hutchinson, 1
Reactor, 1
Pigmen, 1
Blocks, 1
Charles, 1
Ferrendelli, 1
jeb, 1
Here, 1
Gamepedia, 1
Images, 1
pp, 1
Modern, 1
Crecente, 1
Later, 1
Local, 1
disambiguation, 1
Area, 1
Support, 1
arrives, 1
Irish, 1
SPIKE, 1
Patrick, 1
Changed, 1
Tale, 1
Unlikely, 1
Goldberg, 1
McFarland, 1
NC, 1
Jefferson, 1
Possibilities, 1
Essays, 1
Understanding, 1
Nate, 1
Garrelts, 1
Peachpit, 1
CA, 1
Berkeley, 1
inspiration, 1
Ideas, 1
Classroom, 1
Colin, 1
Gallagher, 1
present, 1
Those, 1
weird, 1
acting, 1
overflowing, 1
pathfinding, 1
positions, 1
integers, 1
old, 1
Everything, 1
overwriting, 1
Seven, 1
dl, 1
winnersIndie, 1
gamesIndependent, 1
gamesEarly, 1
management, 1
gamesConstruction, 1
gamesAndroid, 1
Categories, 1
svgVideo, 1
WPVG, 1
svgSweden, 1
Sweden, 1
svgMicrosoft, 1
box, 1
Vector, 1
Galaxy, 1
Samsung, 1
wiki, 1
website, 1
Data, 1
sister, 1
Find, 1
articles, 1
spoken, 1
edits, 1
subsequent, 1
reflect, 1
dated, 1
revision, 1
MENU, 1
info, 1
gamesIOS, 1
saving, 1
sun, 1
Fahey, 1
Through, 1
Olivia, 1
Waxman, 1
whole, 1
youth, 1
i, 1
Danmark, 1
hele, 1
unge, 1
giver, 1
Geodatastyrelsen, 1
neighbourhoods, 1
SAY, 1
ReadWrite, 1
Planning, 1
Nations, 1
United, 1
Partners, 1
Fruzsina, 1
gh, 1
rd, 1
Want, 1
Where, 1
scout, 1
Brits, 1
dear, 1
Sorry, 1
Lydia, 1
Finley, 1
loading, 1
Hard, 1
Doctorow, 1
negative, 1
roughly, 1
integer, 1
value, 1
offset, 1
rendered, 1
saved, 1
ll, 1
They, 1
clarify, 1
me, 1
let, 1
explains, 1
post, 1
recreated, 1
digitally, 1
Joe, 1
Code, 1
Mod, 1
FInley, 1
recreates, 1
Julia, 1
Alexander, 1
Emulator, 1
YouTuber, 1
Heather, 1
Alexandra, 1
CPU, 1
Cory, 1
Drive, 1
gamesJava, 1
gamesKinect, 1
gamesLinux, 1
Scots, 1
n, 1
Rom, 1
Portugu, 1
Polski, 1
Papiamentu, 1
Occitan, 1
nynorsk, 1
l, 1
bokm, 1
Napulitano, 1
Nederlands, 1
Melayu, 1
Magyar, 1
Lumbaart, 1
Lietuvi, 1
u, 1
Latvie, 1
Latina, 1
Kapampangan, 1
Jawa, 1
Basa, 1
Italiano, 1
slenska, 1
Indonesia, 1
Ido, 1
Hrvatski, 1
Galego, 1
Gaeilge, 1
Shqip, 1
Frysk, 1
Simple, 1
srpski, 1
viewWikimedia, 1
statementMobile, 1
WikipediaDevelopersCookie, 1
WikipediaDisclaimersContact, 1
policyAbout, 1
organization, 1
profit, 1
Policy, 1
Use, 1
Terms, 1
agree, 1
site, 1
apply, 1
terms, 1
ShareAlike, 1
Attribution, 1
Text, 1
modified, 1
Edit, 1
uws, 1
Ze, 1
Winaray, 1
Vi, 1
ng, 1
Ti, 1
rk, 1
Tagalog, 1
Svenska, 1
Suomi, 1
English, 1
ais, 1
Fran, 1
royskt, 1
Interaction, 1
Donate, 1
Random, 1
Current, 1
Featured, 1
Search, 1
historySearch, 1
sourceView, 1
inArticleTalkReadView, 1
accountLog, 1
inTalkContributionsCreate, 1
logged, 1
Navigation, 1
gamesZombie, 1
graphicsVirtual, 1
stereoscopic, 1
levelsVideo, 1
playVideo, 1
SwedenVideo, 1
franchises, 1
gamesVideo, 1
gamesSurvival, 1
winnersSplit, 1
gamesSeumas, 1
Click, 1
gamesOpen, 1
gamesMojangMultiplayer, 1
gamesMicrosoft, 1
gamesMacOS, 1
Help, 1
Recent, 1
Contact, 1
Tools, 1
F, 1
Euskara, 1
Esperanto, 1
ol, 1
Espa, 1
Eesti, 1
Deutsch, 1
Dansk, 1
Cymraeg, 1
Zamboanga, 1
Chavacano, 1
tina, 1
Cebuano, 1
Catal, 1
Winters, 1
Brezhoneg, 1
Az, 1
Asturianu, 1
Languages, 1
Printable, 1
PDF, 1
Create, 1
export, 1
Print, 1
Cite, 1
link, 1
Permanent, 1
pages, 1
Upload, 1
Related, 1
rbaycanca, 1
Klepek, 1
looking, 1
Alexa, 1
Honor, 1
IGF, 1
Annual, 1
Amnesia, 1
Finalists, 1
Competition, 1
Reveals, 1
Simon, 1
Carless, 1
Day, 1
Christmas, 1
ABC, 1
Episode, 1
Season, 1
GG, 1
Steven, 1
Donnell, 1
O, 1
Stephanie, 1
Bendixsen, 1
Work, 1
IDG, 1
Masterpieces, 1
Blocky, 1
Build, 1
Sarah, 1
Purewal, 1
Geere, 1
Jerry, 1
Everquest, 1
Holkins, 1
Gamechoiceawards, 1
prize, 1
nominees, 1
Bafta, 1
big, 1
wins, 1
Esther, 1
Dear, 1
winners, 1
Liam, 1
Martin, 1
GJA, 1
Andy, 1
Robinson, 1
Arts, 1
WINNERS, 1
AWARDS, 1
VIDEO, 1
ANNOUNCES, 1
Fame, 1
Hall, 1
Ever, 1
Zelda, 1
Legend, 1
Honors, 1
VGA, 1
Announces, 1
Exhibit, 1
Picked, 1
Has, 1
protected, 1
videogame, 1
Hillier, 1
Revisited, 1
Mirror, 1
booming, 1
signs, 1
tops, 1
Domestic, 1
DL, 1
Downloads, 1
Via, 1
chart, 1
beats, 1
Unity, 1
Creed, 1
Assassin, 1
Poole, 1
Yin, 1
Wesley, 1
Services, 1
breaks, 1
Wawro, 1
stream, 1
our, 1
Watch, 1
Hill, 1
charts, 1
activity, 1
Ops, 1
Nichols, 1
Bomb, 1
Giant, 1
Copies, 1
elementary, 1
Chockablock, 1
Famitsu, 1
Rising, 1
Trinity, 1
master, 1
teaching, 1
clunky, 1
Generation, 1
Clive, 1
Thompson, 1
Corporation, 1
Valve, 1
pocket, 1
Equalizer, 1
Brandon, 1
Reinhart, 1
Nextmedia, 1
PowerPlay, 1
Down, 1
Trouble, 1
Hindes, 1
Jeff, 1
Cork, 1
Okay, 1
That, 1
But, 1
Toy, 1
Adam, 1
Biessener, 1
Critic, 1
Perform, 1
Continues, 1
Japanese, 1
Brenna, 1
takes, 1
Williams, 1
Sunny, 1
Always, 1
Jr, 1
Fleming, 1
Taps, 1
Reporter, 1
Mia, 1
Galuppo, 1
arrive, 1
unlikely, 1
Until, 1
Arrive, 1
Might, 1
Budget, 1
Large, 1
Producing, 1
Rights, 1
Acquires, 1
Screen, 1
Anita, 1
Busch, 1
dummies, 1
Max, 1
Nicholson, 1
Week, 1
Schreier, 1
Hawkins, 1
MCV, 1
Calvin, 1
Philadelphia, 1
Creators, 1
Wonder, 1
Scribe, 1
Corriera, 1
Ward, 1
attendees, 1
Griffin, 1
McElroy, 1
Sale, 1
Convention, 1
Tickets, 1
Sold, 1
Know, 1
Whaddaya, 1
Philippa, 1
Warr, 1
Develop, 1
Craig, 1
Chapple, 1
Sets, 1
Will, 1
preorder, 1
Christopher, 1
MacManus, 1
waiting, 1
ve, 1
Mariella, 1
Moon, 1
EXCLUSIVE, 1
Draft, 1
Latest, 1
Write, 1
Woman, 1
Looks, 1
Mania, 1
Way, 1
NBC, 1
Dig, 1
Winda, 1
Benedetti, 1
missed, 1
tycoons, 1
Rory, 1
Jones, 1
Cellan, 1
paid, 1
hits, 1
Stephany, 1
Nunneley, 1
revolutionary, 1
geeky, 1
Spillman, 1
Mining, 1
Sophia, 1
Tong, 1
Spawned, 1
Silverman, 1
Leo, 1
Kelion, 1
Details, 1
story, 1
Giving, 1
Oct, 1
launches, 1
Number, 1
NBCUniversal, 1
Hauntings, 1
Hoaxes, 1
Gamings, 1
Familiar, 1
Screens, 1
Get, 1
Prepare, 1
Heading, 1
semi, 1
Craft, 1
Developing, 1
Focus, 1
Said, 1
Already, 1
Rumour, 1
Damien, 1
McFerran, 1
Ray, 1
Postmortem, 1
Living, 1
ARTPOP, 1
Deadmau, 1
Sam, 1
Kennedy, 1
N, 1
PCGamesN, 1
Creeping, 1
We, 1
Kizzycocoa, 1
Dinnerbone, 1
Adams, 1
Ghost, 1
Weirdest, 1
shadow, 1
Jeremy, 1
Informative, 1
patch, 1
flagship, 1
bodies, 1
GameDVR, 1
screenshots, 1
record, 1
Surface, 1
touchscreen, 1
keyboard, 1
preferably, 1
schemes, 1
follows, 1
exclusive, 1
brick, 1
leaves, 1
grass, 1
consist, 1
destroying, 1
restricted, 1
finite, 1
itself, 1
kilobytes, 1
lasting, 1
contest, 1
K, 1
simplified, 1
promotion, 1
NEXT, 1
ways, 1
newly, 1
jungles, 1
enhancements, 1
larger, 1
conference, 1
press, 1
During, 1
identical, 1
Like, 1
snowfields, 1
walk, 1
terrain, 1
alongside, 1
changed, 1
delayed, 1
mountains, 1
gradually, 1
walls, 1
invisible, 1
barricaded, 1
essentially, 1
enough, 1
crafts, 1
correct, 1
require, 1
split, 1
forests, 1
plains, 1
differently, 1
function, 1
hazards, 1
led, 1
thing, 1
trying, 1
criticism, 1
corporation, 1
asking, 1
tweet, 1
posted, 1
suggested, 1
contrast, 1
Lesser, 1
GNU, 1
daytime, 1
licensed, 1
status, 1
skeletons, 1
questioned, 1
validity, 1
taking, 1
apparently, 1
zombies, 1
replacing, 1
nighttime, 1
Jeb, 1
hosts, 1
continuously, 1
spiders, 1
Xperia, 1
Billionaires, 1
hunted, 1
alone, 1
parts, 1
minutes, 1
functions, 1
newer, 1
Throughout, 1
Apart, 1
runs, 1
label, 1
LPs, 1
green, 1
transparent, 1
German, 1
black, 1
encounter, 1
soundtracks, 1
chose, 1
tracks, 1
villagers, 1
Non, 1
cows, 1
pigs, 1
chickens, 1
ambient, 1
lyrical, 1
background, 1
CDs, 1
moved, 1
deserts, 1
compatible, 1
Marketplace, 1
week, 1
Within, 1
records, 1
broke, 1
profitable, 1
became, 1
become, 1
surpassed, 1
prior, 1
estimated, 1
unpaid, 1
mouth, 1
word, 1
advertised, 1
commercially, 1
backing, 1
month, 1
passed, 1
worldwide, 1
promotional, 1
extension, 1
tree, 1
sounds, 1
skin, 1
upwards, 1
debuted, 1
purchased, 1
average, 1
stars, 1
breaking, 1
rough, 1
Publication, 1
scores, 1
mainly, 1
WU, 1
arranged, 1
Aggregator, 1
score, 1
Aggregate, 1
quarter, 1
twelfth, 1
total, 1
primary, 1
surge, 1
Asia, 1
SCE, 1
according, 1
largest, 1
debut, 1
outselling, 1
boosted, 1
representing, 1
figure, 1
per, 1
purchasing, 1
trunks, 1
purchase, 1
supports, 1
complaints, 1
discontinued, 1
Vive, 1
HTC, 1
supporting, 1
OpenVR, 1
fork, 1
elsewhere, 1
provide, 1
pulled, 1
leaked, 1
manipulate, 1
endorsed, 1
edit, 1
downgraded, 1
thus, 1
surface, 1
virtually, 1
observance, 1
Gradual, 1
account, 1
divided, 1
biomes, 1
concentrates, 1
acquired, 1
shortly, 1
text, 1
Market, 1
superior, 1
move, 1
Chain, 1
Repeat, 1
specially, 1
quests, 1
puzzles, 1
challenges, 1
replaced, 1
HUD, 1
textures, 1
alter, 1
Texture, 1
application, 1
Modifications, 1
install, 1
While, 1
Hunger, 1
counters, 1
durability, 1
waypoints, 1
minimaps, 1
supply, 1
substantial, 1
responsible, 1
mechanisms, 1
arrays, 1
entire, 1
etc, 1
revolves, 1
dark, 1
bug, 1
reach, 1
recovered, 1
Dropped, 1
bed, 1
sleep, 1
reset, 1
begin, 1
logic, 1
gates, 1
dropped, 1
inventories, 1
dying, 1
carry, 1
wheat, 1
Villagers, 1
bartering, 1
villager, 1
break, 1
alternate, 1
perform, 1
iron, 1
dimensions, 1
respectively, 1
mine, 1
soil, 1
despawn, 1
points, 1
killing, 1
mining, 1
removed, 1
creating, 1
focus, 1
helps, 1
mob, 1
scooping, 1
bucket, 1
Complex, 1
remove, 1
constructed, 1
banned, 1
mechanical, 1
dig, 1
deleted, 1
featuring, 1
hardest, 1
locked, 1
variant, 1
powerful, 1
Enchanted, 1
enchanting, 1
spent, 1
Experience, 1
cooking, 1
breeding, 1
smelting, 1
permanent, 1
trees, 1
chop, 1
shovels, 1
Depending, 1
distances, 1
environment, 1
found, 1
natural, 1
showing, 1
spawning, 1
prevents, 1
peaceful, 1
easiest, 1
levels, 1
barren, 1
darker, 1
changeable, 1
consists, 1
abilities, 1
beacon, 1
placeable, 1
drops, 1
defeat, 1
Wither, 1
dwells, 1
Killing, 1
cues, 1
ending, 1
credits, 1
land, 1
flow, 1
radius, 1
requiring, 1
besides, 1
enemies, 1
kill, 1
swords, 1
mitigate, 1
accessed, 1
fullness, 1
regardless, 1
regenerates, 1
replenishes, 1
Health, 1
deplete, 1
travel, 1
stop, 1
automatic, 1
drain, 1
portals, 1
eating, 1
refilled, 1
contains, 1
starvation, 1
suffocation, 1
falling, 1
drowning, 1
falls, 1
shelter, 1
healing, 1
fixes, 1
Liquids, 1
introduces, 1
TIGSource, 1
developmental, 1
seed, 1
obtained, 1
clock, 1
RPG, 1
unlike, 1
fundamentals, 1
influenced, 1
prototypes, 1
inspirations, 1
unless, 1
manually, 1
isometric, 1
visualised, 1
specified, 1
Keeper, 1
Dungeon, 1
Dwarf, 1
inspired, 1
movement, 1
infinitely, 1
horizontal, 1
come, 1
plane, 1
forums, 1
milestones, 1
Test, 1
Indev, 1
lawyers, 1
scared, 1
charge, 1
future, 1
guaranteed, 1
places, 1
bought, 1
testing, 1
exploding, 1
earned, 1
money, 1
sneaks, 1
starting, 1
flows, 1
pick, 1
automatically, 1
distributed, 1
continued, 1
quit, 1
left, 1
Jalbum, 1
job, 1
Spider, 1
saw, 1
Skeleton, 1
Infdev, 1
g, 1
running, 1
technical, 1
Expo, 1
interconnected, 1
locally, 1
smaller, 1
network, 1
area, 1
sections, 1
provider, 1
memory, 1
communicate, 1
interact, 1
enables, 1
physics, 1
setup, 1
business, 1
becomes, 1
hotbar, 1
interacting, 1
watch, 1
unrealistic, 1
interactions, 1
expand, 1
mapmakers, 1
mapmaker, 1
obtain, 1
creator, 1
applied, 1
described, 1
gravity, 1
guided, 1
teleporting, 1
Electronic, 1
problems, 1
ten, 1
extremely, 1
realm, 1
distant, 1
twenty, 1
invite, 1
standard, 1
varies, 1
safely, 1
service, 1
operators, 1
normally, 1
nb, 1
enabled, 1
PvP, 1
versus, 1
achieves, 1
customs, 1
splitting, 1
offer, 1
addresses, 1
usernames, 1
concerning, 1
Operators, 1
Many, 1
Ashdown, 1
ease, 1
emergent, 1
Mandalay, 1
convention, 1
magazines, 1
scene, 1
poster, 1
annuals, 1
handbooks, 1
Egmont, 1
products, 1
socks, 1
shirts, 1
dollars, 1
toys, 1
foam, 1
clothing, 1
Jinx, 1
collaborates, 1
Six, 1
village, 1
Two, 1
approved, 1
prompting, 1
votes, 1
submitted, 1
centres, 1
Bay, 1
Hotel, 1
Casino, 1
Las, 1
possibility, 1
fields, 1
extensively, 1
applications, 1
Anaheim, 1
Orlando, 1
Disneyland, 1
occurred, 1
Similar, 1
Oxeye, 1
unlocked, 1
attendee, 1
sword, 1
given, 1
times, 1
picture, 1
autograph, 1
commemorative, 1
companies, 1
classes, 1
breakout, 1
contests, 1
costume, 1
speeches, 1
keynote, 1
Vegas, 1
Free, 1
diamond, 1
prop, 1
directed, 1
producers, 1
offers, 1
assets, 1
yet, 1
happened, 1
haven, 1
why, 1
reason, 1
heard, 1
prospect, 1
hinder, 1
declared, 1
produce, 1
interested, 1
popularised, 1
fit, 1
Miyamoto, 1
Shigeru, 1
Gun, 1
Finger, 1
Tooth, 1
Wobbly, 1
noowanda, 1
Cypronia, 1
accolades, 1
UCraft, 1
numerous, 1
stating, 1
engage, 1
comes, 1
co, 1
until, 1
might, 1
production, 1
days, 1
regarding, 1
talks, 1
buildin, 1
f, 1
objective, 1
winner, 1
explained, 1
idea, 1
Lanskin, 1
parents, 1
distracting, 1
boys, 1
Porn, 1
Murder, 1
television, 1
animated, 1
season, 1
seventeenth, 1
Productions, 1
Titled, 1
documentary, 1
gruff, 1
even, 1
rendering, 1
member, 1
clip, 1
landmarks, 1
historical, 1
teacher, 1
science, 1
history, 1
accessible, 1
affordable, 1
goal, 1
formed, 1
settings, 1
level, 1
sea, 1
above, 1
span, 1
elevation, 1
smallest, 1
country, 1
ranking, 1
countries, 1
flattest, 1
because, 1
geodata, 1
fullscale, 1
decisions, 1
introduction, 1
represent, 1
functional, 1
Such, 1
Robert, 1
Purchese, 1
Ltd, 1
Merch, 1
Achievements, 1
Wolves, 1
exploration, 1
minecraft, 1
Very, 1
gathering, 1
combat, 1
Multiple, 1
political, 1
Comes, 1
Pitcher, 1
unlimited, 1
Goldfarb, 1
Minicraft, 1
members, 1
conjunction, 1
recreate, 1
younger, 1
instance, 1
least, 1
emulators, 1
drive, 1
Jenna, 1
template, 1
presented, 1
architecture, 1
Carl, 1
neighbourhood, 1
modify, 1
concern, 1
reconstruct, 1
Using, 1
designing, 1
participate, 1
live, 1
cooperation, 1
RepRap, 1
MakerBot, 1
managing, 1
personal, 1
printed, 1
designs, 1
software, 1
Various, 1
learning, 1
tricked, 1
Sumter, 1
Cody, 1
Lab, 1
MIT, 1
Dynamics, 1
Human, 1
professional, 1
envision, 1
director, 1
facilitate, 1
training, 1
necessarily, 1
urban, 1
helpful, 1
town, 1
change, 1
communities, 1
gave, 1
My, 1
Kvarter, 1
Mina, 1
initiative, 1
perfect, 1
earlier, 1
informal, 1
Nairobi, 1
Kibera, 1
pilot, 1
render, 1
FyreUK, 1
spaces, 1
upgrade, 1
cannot, 1
Sustainable, 1
partnership, 1
process, 1
settlements, 1
enabling, 1
suddenly, 1
Additionally, 1
Joystick, 1
Golden, 1
opened, 1
exhibit, 1
winning, 1
Innovation, 1
Debut, 1
categories, 1
Audience, 1
voted, 1
Design, 1
Technical, 1
Singleplayer, 1
Innovative, 1
Editor, 1
voters, 1
chosen, 1
dimensional, 1
listed, 1
note, 1
complimented, 1
Recently, 1
types, 1
collect, 1
inability, 1
App, 1
Temple, 1
Run, 1
Just, 1
save, 1
slayed, 1
adventurers, 1
Order, 1
find, 1
her, 1
journey, 1
Powered, 1
Taber, 1
Catherine, 1
Oswalt, 1
Patton, 1
intuitive, 1
voiced, 1
revealing, 1
shown, 1
aforementioned, 1
disc, 1
driven, 1
narrative, 1
standalone, 1
plus, 1
Consisting, 1
collaboration, 1
Addicting, 1
Dance, 1
Jesse, 1
appreciated, 1
mixed, 1
initially, 1
analogous, 1
logically, 1
basic, 1
insofar, 1
regarded, 1
experiences, 1
creativity, 1
scope, 1
unparalleled, 1
fun, 1
contagiously, 1
interesting, 1
instructions, 1
intuitively, 1
commended, 1
better, 1
always, 1
adventuring, 1
favourably, 1
exploring, 1
balance, 1
liked, 1
describing, 1
impressed, 1
publications, 1
important, 1
deeming, 1
hide, 1
difficult, 1
glitches, 1
recipes, 1
tips, 1
tutorial, 1
positively, 1
addictiveness, 1
posts, 1
news, 1
comics, 1
Stalker, 1
goals, 1
accomplish, 1
generative, 1
troublesome, 1
recommended, 1
choosing, 1
readers, 1
urged, 1
something, 1
haste, 1
together, 1
thrown, 1
incomplete, 1
seem, 1
feel, 1
unfinished, 1
occur, 1
amount, 1
response, 1
Posehn, 1
Johnson, 1
HD, 1
Choplifter, 1
Borderlands, 1
II, 1
Torchlight, 1
RuneScape, 1
existed, 1
strange, 1
builds, 1
appears, 1
rumours, 1
chan, 1
image, 1
appeared, 1
PSY, 1
rapper, 1
Korean, 1
successful, 1
internationally, 1
Maron, 1
Jordan, 1
personnel, 1
attendance, 1
views, 1
billions, 1
Meat, 1
Elder, 1
V, 1
Skyrim, 1
resistance, 1
resulted, 1
resembled, 1
closely, 1
pixel, 1
resolution, 1
low, 1
failure, 1
reported, 1
Miner, 1
Total, 1
Terraria, 1
attained, 1
FortressCraft, 1
CastleMiner, 1
Spades, 1
Ace, 1
Examples, 1
similarities, 1
performances, 1
artist, 1
Light, 1
Faster, 1
FTL, 1
Isaac, 1
Binding, 1
CraftWorld, 1
produces, 1
regularly, 1
Yogscast, 1
notebook, 1
stored, 1
difference, 1
characteristics, 1
retain, 1
differences, 1
basis, 1
everyday, 1
need, 1
classroom, 1
poetry, 1
topics, 1
notebooks, 1
STEM, 1
cast, 1
rest, 1
portray, 1
Reubens, 1
West, 1
Billy, 1
Feldman, 1
Fennoy, 1
Dave, 1
Plimpton, 1
Martha, 1
Porter, 1
classrooms, 1
Ashley, 1
shareable, 1
sites, 1
entertainment, 1
watched, 1
highly, 1
Machinima, 1
employment, 1
uploaded, 1
culture, 1
walkthroughs, 1
coverage, 1
Common, 1
overs, 1
voice, 1
Category, 1
capture, 1
gain, 1
learned, 1
Communication, 1
School, 1
Annenberg, 1
Pennsylvania, 1
University, 1
conducted, 1
Research, 1
popularising, 1
significant, 1
Reddit, 1
affluence, 1
MediaWiki, 1

