the, 200
of, 150
a, 133
and, 100
distributed, 100
is, 79
to, 76
in, 75
computing, 51
computer, 50
up, 50
Jump, 49
as, 46
system, 44
The, 39
Distributed, 39
p, 38
network, 37
systems, 36
that, 36
parallel, 34
are, 33
be, 31
can, 29
by, 27
algorithms, 26
each, 25
on, 25
for, 24
or, 22
problem, 22
algorithm, 21
A, 20
computers, 20
which, 18
edit, 17
such, 17
problems, 17
ISBN, 16
Ghosh, 16
citation, 16
needed, 16
with, 16
one, 15
memory, 15
may, 15
has, 15
communication, 14
Parallel, 14
In, 14
shared, 14
it, 14
Lynch, 14
s, 14
used, 13
Peleg, 13
passing, 13
model, 12
other, 12
Section, 12
using, 12
program, 12
graph, 12
example, 12
computational, 12
networks, 11
message, 11
nodes, 11
Computing, 11
an, 11
G, 10
its, 10
node, 10
from, 10
coordinator, 10
between, 9
concurrent, 9
machines, 9
Andrews, 9
same, 9
there, 9
processes, 9
all, 9
time, 8
at, 8
D, 8
doi, 8
use, 8
solved, 8
more, 8
their, 8
processors, 8
given, 8
also, 7
general, 7
we, 7
was, 7
task, 7
processor, 7
information, 7
access, 7
election, 7
architectures, 7
some, 7
communicate, 7
peer, 7
Systems, 7
field, 7
computation, 6
application, 6
terms, 6
There, 6
messages, 6
process, 6
b, 6
not, 6
number, 6
Introduction, 6
applications, 6
then, 6
have, 6
own, 6
Examples, 6
following, 6
single, 6
run, 6
structure, 6
Programming, 6
links, 6
tier, 6
running, 6
case, 6
This, 6
among, 6
than, 6
rounds, 6
related, 6
Wikipedia, 6
Boolean, 5
about, 5
local, 5
must, 5
several, 5
graphs, 5
focus, 5
no, 5
coloring, 5
P, 5
where, 5
synchronous, 5
provide, 5
However, 5
PRAM, 5
if, 5
Commons, 5
only, 5
questions, 5
Press, 5
goal, 5
M, 5
For, 5
see, 5
e, 5
page, 5
Algorithms, 5
ACM, 5
include, 5
multiple, 5
string, 5
Wesley, 5
many, 5
Dolev, 5
different, 5
Addison, 5
Papadimitriou, 5
this, 5
programming, 5
performance, 4
projects, 4
components, 4
first, 4
purpose, 4
Thread, 4
ARPANET, 4
Sections, 4
Internet, 4
processing, 4
large, 4
asynchronous, 4
Rivest, 4
Keidar, 4
Cormen, 4
runs, 4
Information, 4
Wikimedia, 4
seen, 4
design, 4
order, 4
complexity, 4
work, 4
Leiserson, 4
instance, 4
another, 4
produce, 4
non, 4
Each, 4
designer, 4
question, 4
Design, 4
solution, 4
location, 4
into, 4
An, 4
state, 4
xix, 4
Models, 4
server, 4
database, 4
any, 4
PDF, 4
method, 4
were, 4
individual, 4
typically, 4
n, 4
architecture, 4
R, 4
Other, 4
science, 4
Complexity, 4
understanding, 4
commonly, 4
central, 4
unique, 3
data, 3
token, 3
available, 3
research, 3
clients, 3
Chapter, 3
like, 3
link, 3
Figure, 3
suggested, 3
efficiently, 3
produces, 3
traditional, 3
Elmasri, 3
uses, 3
early, 3
decide, 3
solve, 3
Memory, 3
been, 3
possible, 3
complete, 3
behaviour, 3
cluster, 3
operating, 3
Many, 3
but, 3
ed, 3
high, 3
would, 3
level, 3
whether, 3
discussion, 3
Approach, 3
answer, 3
Navathe, 3
Languages, 3
ask, 3
client, 3
control, 3
coordinate, 3
Peter, 3
part, 3
either, 3
much, 3
what, 3
Retrieved, 3
chooses, 3
finite, 3
History, 3
input, 3
typical, 3
resources, 3
Vishkin, 3
Cole, 3
physical, 3
Theoretical, 3
circuits, 3
See, 3
measures, 3
autonomous, 3
List, 3
known, 3
properties, 3
them, 3
Three, 3
SIAM, 3
output, 3
both, 3
tasks, 3
lot, 3
coupled, 3
particular, 3
form, 3
desired, 2
H, 2
al, 2
smaller, 2
nature, 2
law, 2
end, 2
diameter, 2
George, 2
required, 2
et, 2
cases, 2
well, 2
sorting, 2
type, 2
coherency, 2
Books, 2
hand, 2
On, 2
MIT, 2
efficient, 2
obtain, 2
decidable, 2
without, 2
fields, 2
transparency, 2
simply, 2
serve, 2
parallelism, 2
consistent, 2
Wiley, 2
Ian, 2
total, 2
however, 2
Dataflow, 2
take, 2
main, 2
manage, 2
Blockchain, 2
coordinating, 2
globally, 2
special, 2
various, 2
Faber, 2
Computational, 2
directly, 2
transmitted, 2
Godfrey, 2
Cambridge, 2
xv, 2
centric, 2
Cache, 2
servers, 2
might, 2
Fundamentals, 2
failures, 2
One, 2
executed, 2
Coulouris, 2
All, 2
Idit, 2
S, 2
often, 2
interacting, 2
theoretical, 2
Multiprocessing, 2
similar, 2
Massively, 2
C, 2
sequential, 2
Deterministic, 2
Multiprocessor, 2
web, 2
partial, 2
t, 2
these, 2
DMOZ, 2
Articles, 2
NC, 2
theory, 2
how, 2
random, 2
said, 2
Locality, 2
Processing, 2
column, 2
Moreover, 2
vs, 2
article, 2
measure, 2
Hardware, 2
Jim, 2
new, 2
perform, 2
B, 2
Java, 2
What, 2
implemented, 2
Web, 2
virtual, 2
file, 2
neighbors, 2
Journal, 2
machine, 2
real, 2
Elements, 2
arbitrary, 2
News, 2
here, 2
Instruction, 2
SIGACT, 2
Morgan, 2
boundary, 2
choose, 2
list, 2
Kaufmann, 2
Computer, 2
Main, 2
Shared, 2
class, 2
fault, 2
so, 2
changes, 2
Foundation, 2
Gallager, 2
Humblet, 2
Spira, 2
exchanged, 2
undirected, 2
interact, 2
exchange, 2
common, 2
divided, 2
Nevertheless, 2
loosely, 2
Dijkstra, 2
Prize, 2
January, 2
rings, 2
shows, 2
c, 2
programs, 2
do, 2
became, 2
E, 2
mail, 2
late, 2
invented, 2
studies, 2
Shavit, 2
Herlihy, 2
encoded, 2
identities, 2
scale, 2
coordination, 2
while, 2
multiprocessor, 2
below, 2
networked, 2
LeLann, 2
direct, 2
most, 2
view, 2
Global, 2
entities, 2
definition, 2
Properties, 2
Edition, 2
While, 2
Notes, 2
based, 2
References, 2
massively, 2
Norsk, 2
area, 2
solves, 2
Further, 2
multiplayer, 2
originally, 2
online, 2
reading, 2
failure, 2
called, 2
th, 2
solving, 2
change, 2
Korach, 2
Contents, 2
Kutten, 2
topology, 2
hide, 2
Moran, 2
users, 2
services, 2
Privacy, 2
Architectures, 2
Applications, 2
Bahasa, 2
Alternatively, 2
How, 2
Concepts, 2
user, 2
foundations, 2
Arora, 2
further, 2
circuit, 2
leader, 2
Coordinator, 2
At, 2
necessary, 2
interconnect, 2
pp, 2
CPUs, 2
sort, 2
regardless, 2
events, 2
back, 2
Barak, 2
centralised, 2
including, 2
basic, 2
three, 2
coupling, 2
tolerance, 2
External, 2
challenges, 2
http, 2
com, 2
Transactions, 2
mechanism, 2
games, 2
will, 2
halting, 2
Category, 2
Stockmeyer, 2
Symposium, 2
addition, 2
Naor, 2
Linial, 2
Self, 1
Database, 1
rd, 1
Sukumar, 1
Finding, 1
Ephraim, 1
Leader, 1
Shay, 1
Larry, 1
Moni, 1
Sanjeev, 1
Age, 1
Cryptocurrency, 1
Boaz, 1
MJ, 1
Nathan, 1
Efficient, 1
Algorithmic, 1
Shlomo, 1
Technique, 1
Modular, 1
review, 1
email, 1
year, 1
Multithreaded, 1
Hamilton, 1
Modern, 1
Welch, 1
Jennifer, 1
Time, 1
unsolved, 1
www, 1
Hagit, 1
theserverside, 1
And, 1
Ramez, 1
Attiya, 1
feature, 1
big, 1
ISSN, 1
history, 1
scalability, 1
primer, 1
cstheory, 1
Vigna, 1
Gregory, 1
Bill, 1
Casey, 1
sites, 1
locally, 1
computed, 1
Foundations, 1
Stabilization, 1
Boston, 1
Howard, 1
stackexchange, 1
Chapman, 1
Are, 1
Bitcoin, 1
J, 1
Kindberg, 1
L, 1
st, 1
Spanning, 1
Weight, 1
Minimum, 1
Chem, 1
David, 1
Inf, 1
Christos, 1
Model, 1
formal, 1
Dollimore, 1
references, 1
ci, 1
Art, 1
N, 1
Algorithm, 1
major, 1
PMID, 1
Nir, 1
Elsevier, 1
Shlomi, 1
via, 1
Maurice, 1
approach, 1
Ronald, 1
Jean, 1
chemistry, 1
CRC, 1
Tim, 1
Hall, 1
Control, 1
ranking, 1
optimal, 1
Challenging, 1
Labs, 1
tossing, 1
Real, 1
Thomas, 1
Economic, 1
Order, 1
coin, 1
ix, 1
St, 1
Blair, 1
Martin, 1
Gordon, 1
Uzi, 1
Richard, 1
Trees, 1
Lind, 1
Chapters, 1
Sensitive, 1
toward, 1
Alm, 1
Charles, 1
Nancy, 1
Shamkant, 1
Application, 1
Advanced, 1
Random, 1
Donate, 1
store, 1
Interaction, 1
Help, 1
About, 1
Community, 1
portal, 1
Recent, 1
Contact, 1
Tools, 1
Related, 1
Upload, 1
Special, 1
pages, 1
Permanent, 1
Page, 1
Wikidata, 1
item, 1
Cite, 1
Print, 1
export, 1
Create, 1
book, 1
Download, 1
Printable, 1
version, 1
Bosanski, 1
Catal, 1
Current, 1
tina, 1
content, 1
Go, 1
PLINQ, 1
PVM, 1
POSIX, 1
Threads, 1
RaftLib, 1
UPC, 1
TBB, 1
Problems, 1
Embarrassingly, 1
Software, 1
lockout, 1
Scalability, 1
Race, 1
condition, 1
Deadlock, 1
Livelock, 1
Starvation, 1
slowdown, 1
Media, 1
Categories, 1
Navigation, 1
menu, 1
Not, 1
logged, 1
inTalkContributionsCreate, 1
accountLog, 1
inArticleTalkReadEditView, 1
historySearch, 1
Search, 1
Featured, 1
TPL, 1
Dansk, 1
Eesti, 1
Edit, 1
last, 1
modified, 1
March, 1
Text, 1
under, 1
Creative, 1
Attribution, 1
ShareAlike, 1
License, 1
additional, 1
apply, 1
By, 1
site, 1
you, 1
agree, 1
Terms, 1
Use, 1
Policy, 1
registered, 1
trademark, 1
Inc, 1
profit, 1
organization, 1
policyAbout, 1
WikipediaDisclaimersContact, 1
WikipediaDevelopersCookie, 1
statementMobile, 1
viewWikimedia, 1
Vi, 1
Deutsch, 1
ng, 1
rk, 1
Espa, 1
ol, 1
Esperanto, 1
Fran, 1
ais, 1
Ido, 1
Indonesia, 1
Italiano, 1
Latvie, 1
u, 1
Lietuvi, 1
Magyar, 1
Melayu, 1
Nederlands, 1
bokm, 1
l, 1
nynorsk, 1
Polski, 1
Portugu, 1
Rom, 1
Scots, 1
Simple, 1
English, 1
Sloven, 1
ina, 1
srpski, 1
Suomi, 1
Svenska, 1
T, 1
Ti, 1
Simulations, 1
OpenACC, 1
OpenCL, 1
Communications, 1
Conference, 1
Papers, 1
Rodr, 1
guez, 1
Villagra, 1
Bar, 1
Asynchronous, 1
team, 1
Satisfiability, 1
Bionetics, 1
media, 1
journals, 1
v, 1
General, 1
Cloud, 1
High, 1
Manycore, 1
GPGPU, 1
Systolic, 1
array, 1
Levels, 1
Bit, 1
Task, 1
Data, 1
Loop, 1
Pipeline, 1
Multithreading, 1
Temporal, 1
exercise, 1
Simultaneous, 1
Grapevine, 1
Needham, 1
Topics, 1
Interscience, 1
Christian, 1
Cachin, 1
Rachid, 1
Guerraoui, 1
Lu, 1
Rodrigues, 1
Reliable, 1
Secure, 1
Springer, 1
O, 1
Reilly, 1
Garg, 1
Vijay, 1
K, 1
IEEE, 1
Tel, 1
Gerard, 1
University, 1
Chandy, 1
Mani, 1
Program, 1
Rajsbaum, 1
Sergio, 1
eds, 1
Birrell, 1
Levin, 1
Schroeder, 1
April, 1
OpenHMPP, 1
SMT, 1
SpMT, 1
taxonomy, 1
SISD, 1
SIMD, 1
SIMT, 1
MISD, 1
MIMD, 1
Pipelined, 1
Superscalar, 1
Vector, 1
symmetric, 1
asymmetric, 1
UMA, 1
NUMA, 1
COMA, 1
Grid, 1
APIs, 1
Ateji, 1
PX, 1
Boost, 1
Charm, 1
Cilk, 1
Coarray, 1
Fortran, 1
CUDA, 1
Dryad, 1
AMP, 1
Arrays, 1
MPI, 1
OpenMP, 1
Flynn, 1
Speculative, 1
blocking, 1
Concurrency, 1
Preemptive, 1
Cooperative, 1
Clustered, 1
Multi, 1
CMT, 1
scout, 1
Theory, 1
Analysis, 1
Amdahl, 1
Gustafson, 1
Cost, 1
efficiency, 1
Karp, 1
Flatt, 1
metric, 1
Slowdown, 1
Speedup, 1
Process, 1
Fiber, 1
window, 1
Coordination, 1
invalidation, 1
Barrier, 1
Synchronization, 1
Bell, 1
checkpointing, 1
Stream, 1
Implicit, 1
Explicit, 1
Non, 1
Plan, 1
defined, 1
important, 1
middle, 1
stateless, 1
simplifies, 1
deployment, 1
Most, 1
refer, 1
forward, 1
requests, 1
enterprise, 1
responsible, 1
success, 1
Peer, 1
service, 1
Instead, 1
responsibilities, 1
uniformly, 1
peers, 1
Peers, 1
Another, 1
aspect, 1
communicating, 1
Through, 1
protocols, 1
master, 1
slave, 1
relationship, 1
enable, 1
intelligence, 1
done, 1
move, 1
represents, 1
International, 1
DISC, 1
held, 1
Various, 1
hardware, 1
software, 1
lower, 1
printed, 1
onto, 1
board, 1
made, 1
devices, 1
cables, 1
higher, 1
those, 1
falls, 1
categories, 1
loose, 1
tight, 1
Client, 1
smart, 1
contact, 1
format, 1
display, 1
Input, 1
committed, 1
when, 1
permanent, 1
counterpart, 1
inter, 1
Reasons, 1
reservation, 1
aircraft, 1
industrial, 1
scientific, 1
grid, 1
volunteer, 1
rendering, 1
graphics, 1
automate, 1
should, 1
Formally, 1
consists, 1
instances, 1
together, 1
Instances, 1
solutions, 1
answers, 1
seeks, 1
understand, 1
computability, 1
Traditionally, 1
correct, 1
Such, 1
reads, 1
performs, 1
Formalisms, 1
universal, 1
airline, 1
utilizing, 1
banking, 1
databases, 1
very, 1
require, 1
connects, 1
produced, 1
principle, 1
beneficial, 1
practical, 1
reasons, 1
cost, 1
low, 1
comparison, 1
reliability, 1
point, 1
easier, 1
expand, 1
monolithic, 1
uniprocessor, 1
telecommunication, 1
telephone, 1
cellular, 1
wireless, 1
sensor, 1
routing, 1
World, 1
Wide, 1
reality, 1
communities, 1
management, 1
Turing, 1
European, 1
PODC, 1
out, 1
favour, 1
industry, 1
conventional, 1
differences, 1
partitions, 1
upgrades, 1
cannot, 1
papered, 1
over, 1
attempts, 1
CAP, 1
theorem, 1
refers, 1
word, 1
referred, 1
physically, 1
within, 1
geographical, 1
nowadays, 1
wider, 1
sense, 1
even, 1
referring, 1
defining, 1
perceives, 1
collection, 1
fallen, 1
unit, 1
practitioners, 1
pursued, 1
From, 1
free, 1
encyclopedia, 1
redirects, 1
company, 1
DIP, 1
Research, 1
located, 1
actions, 1
achieve, 1
significant, 1
characteristics, 1
concurrency, 1
lack, 1
global, 1
clock, 1
independent, 1
vary, 1
SOA, 1
writing, 1
alternatives, 1
pure, 1
HTTP, 1
RPC, 1
connectors, 1
queues, 1
challenge, 1
scientists, 1
dates, 1
needs, 1
latency, 1
complicated, 1
quite, 1
match, 1
above, 1
definitions, 1
detailed, 1
rule, 1
thumb, 1
roots, 1
studied, 1
widespread, 1
Ethernet, 1
predecessor, 1
introduced, 1
successful, 1
probably, 1
earliest, 1
successor, 1
worldwide, 1
included, 1
Usenet, 1
FidoNet, 1
support, 1
study, 1
branch, 1
conference, 1
Principles, 1
situation, 1
tolerate, 1
detail, 1
line, 1
advance, 1
consist, 1
kinds, 1
during, 1
execution, 1
limited, 1
incomplete, 1
know, 1
groups, 1
overlap, 1
clear, 1
distinction, 1
exists, 1
characterized, 1
concurrently, 1
tightly, 1
roughly, 1
classify, 1
criteria, 1
private, 1
figure, 1
right, 1
illustrates, 1
difference, 1
schematic, 1
usual, 1
represented, 1
connecting, 1
abstract, 1
models, 1
executing, 1
unable, 1
current, 1
After, 1
throughout, 1
recognizes, 1
themselves, 1
get, 1
they, 1
need, 1
break, 1
symmetry, 1
comparable, 1
compare, 1
highest, 1
identity, 1
attributed, 1
who, 1
formalized, 1
create, 1
ring, 1
lost, 1
designed, 1
economical, 1
bytes, 1
had, 1
strong, 1
impact, 1
unaware, 1
won, 1
begun, 1
organizer, 1
dining, 1
philosophers, 1
mutual, 1
exclusion, 1
supposed, 1
continuously, 1
conflicts, 1
deadlocks, 1
occur, 1
fundamental, 1
consensus, 1
Byzantine, 1
self, 1
stabilisation, 1
focused, 1
Synchronizers, 1
Logical, 1
clocks, 1
causal, 1
happened, 1
before, 1
ordering, 1
Clock, 1
synchronization, 1
stamps, 1
Election, 1
designating, 1
Before, 1
stop, 1
influential, 1
kind, 1
reach, 1
deadlock, 1
PSPACE, 1
i, 1
likely, 1
nothing, 1
AppScale, 1
BOINC, 1
Code, 1
mobility, 1
Decentralized, 1
algorithmic, 1
cache, 1
Edsger, 1
W, 1
Fog, 1
Folding, 1
home, 1
Inferno, 1
Jungle, 1
Layered, 1
queueing, 1
Library, 1
Oriented, 1
Architecture, 1
LOA, 1
conferences, 1
deterministic, 1
paper, 1
telling, 1
interesting, 1
unidirectional, 1
grids, 1
directed, 1
Euler, 1
others, 1
decouples, 1
issue, 1
family, 1
employ, 1
concept, 1
coordinators, 1
group, 1
act, 1
Several, 1
exist, 1
So, 1
far, 1
designing, 1
complementary, 1
studying, 1
analogous, 1
halts, 1
forever, 1
undecidable, 1
naturally, 1
least, 1
hard, 1
reason, 1
ever, 1
want, 1
stops, 1
extremely, 1
simple, 1
Similarly, 1
comparator, 1
correctly, 1
per, 1
Often, 1
describes, 1
illustrated, 1
Consider, 1
finding, 1
Different, 1
approaches, 1
Centralized, 1
finds, 1
encodes, 1
outputs, 1
result, 1
Again, 1
exploits, 1
power, 1
edge, 1
Initially, 1
knows, 1
immediate, 1
discover, 1
color, 1
gate, 1
operation, 1
literature, 1
summary, 1
executes, 1
obvious, 1
meant, 1
equivalent, 1
focuses, 1
although, 1
issues, 1
viewpoints, 1
classical, 1
assumes, 1
extended, 1
underlying, 1
encapsulates, 1
virtually, 1
unifies, 1
across, 1
closer, 1
behavior, 1
world, 1
takes, 1
account, 1
instructions, 1
Compare, 1
swap, 1
CAS, 1
wide, 1
body, 1
found, 1
interaction, 1
two, 1
presented, 1
lockstep, 1
fashion, 1
During, 1
round, 1
receive, 1
latest, 1
neighbours, 1
send, 1
closely, 1
Let, 1
computable, 1
trivially, 1
approximately, 1
gather, 1
inform, 1
having, 1
possibility, 1
distant, 1
parts, 1
words, 1
make, 1
decisions, 1
neighbourhood, 1
bits, 1
cf, 1
Traditional, 1
perspective, 1
operate, 1
simplest, 1
Perhaps, 1
steps, 1
technique, 1
suitable, 1
does, 1
lie, 1
place, 1
yet, 1
resource, 1
space, 1
Indeed, 1
trade, 1
off, 1
faster, 1
speedup, 1
publications, 1
If, 1
polylogarithmic, 1
polynomial, 1
Powered, 1
equally, 1
formalism, 1
simulate, 1
vice, 1
versa, 1
analysis, 1
attention, 1
usually, 1
paid, 1
operations, 1
decision, 1
MediaWiki, 1

