a, 171
the, 167
s, 115
to, 89
is, 77
of, 76
State, 59
and, 58
that, 56
we, 54
it, 52
in, 50
function, 44
f, 38
you, 38
for, 38
type, 32
Reader, 31
m, 31
can, 29
monad, 27
Monad, 27
x, 26
do, 26
state, 26
so, 24
as, 23
The, 23
on, 23
return, 23
env, 22
value, 22
t, 22
position, 21
class, 21
this, 20
with, 20
b, 19
what, 19
be, 19
are, 19
not, 18
which, 18
just, 18
Functor, 17
like, 17
where, 16
Maybe, 16
an, 16
MonadState, 15
our, 15
Bool, 15
get, 14
at, 14
instance, 14
I, 13
if, 13
functions, 13
have, 13
but, 12
look, 11
ask, 11
fmap, 11
Applicative, 11
We, 10
would, 10
from, 10
need, 10
What, 10
interp, 10
So, 10
use, 10
all, 10
about, 9
also, 9
way, 9
two, 9
runState, 9
there, 9
does, 9
g, 9
This, 9
other, 9
or, 9
application, 9
case, 9
Term, 8
into, 8
up, 8
good, 8
by, 8
lists, 8
work, 8
data, 8
game, 8
Env, 8
want, 7
one, 7
any, 7
But, 7
thing, 7
your, 7
mfAppend, 7
used, 7
In, 7
more, 7
reader, 7
then, 7
actually, 7
us, 7
put, 7
simple, 7
some, 7
name, 6
first, 6
maybeAnd, 6
above, 6
c, 6
its, 6
terms, 6
ap, 6
no, 6
might, 6
ve, 6
environment, 6
bind, 6
definition, 6
Haskell, 6
local, 6
You, 6
define, 6
String, 6
y, 6
monads, 6
StateT, 6
how, 6
new, 6
through, 6
runReader, 6
If, 5
re, 5
together, 5
looks, 5
computation, 5
declaration, 5
read, 5
able, 5
has, 5
now, 5
see, 5
ll, 5
mfEmpty, 5
point, 5
Just, 5
keep, 5
don, 5
getNext, 5
out, 5
term, 5
Well, 5
Int, 5
Game, 5
getState, 5
v, 5
understand, 4
initial, 4
provides, 4
here, 4
think, 4
most, 4
arbitrary, 4
Failure, 4
That, 4
A, 4
lift, 4
fromStoAandS, 4
chain, 4
abstraction, 4
when, 4
intermediate, 4
try, 4
nv, 4
composition, 4
All, 4
operation, 4
argument, 4
fact, 4
takes, 4
make, 4
constructor, 4
single, 4
Let, 4
newtype, 4
these, 4
same, 4
call, 4
should, 4
values, 4
really, 4
around, 4
passing, 4
multiple, 4
mind, 4
negamax, 4
parameter, 4
push, 4
know, 4
between, 4
functors, 4
Control, 4
complicated, 4
color, 4
both, 4
they, 4
For, 4
very, 4
operations, 4
will, 4
doesn, 3
called, 3
negate, 3
trivial, 3
GameState, 3
similar, 3
Value, 3
Finally, 3
wrapper, 3
those, 3
k, 3
arguments, 3
variable, 3
show, 3
idea, 3
Lam, 3
math, 3
back, 3
GHC, 3
Functional, 3
There, 3
start, 3
natural, 3
Multi, 3
help, 3
haskell, 3
written, 3
From, 3
brings, 3
left, 3
abstract, 3
perhaps, 3
side, 3
parameters, 3
Now, 3
types, 3
Closure, 3
defined, 3
simplest, 3
example, 3
possible, 3
lifted, 3
things, 3
top, 3
calculus, 3
why, 3
MonoidalFunctor, 3
functional, 3
stateFunction, 3
useful, 3
say, 3
course, 3
lambda, 3
functor, 3
stateIntString, 3
hand, 3
applied, 3
Monoid, 3
To, 3
write, 3
code, 3
because, 3
before, 3
another, 3
CurrencyDict, 3
module, 3
remember, 3
Lambda, 3
own, 3
structure, 3
operator, 3
could, 3
non, 3
second, 2
definitions, 2
dependencies, 2
classes, 2
See, 2
paper, 2
take, 2
head, 2
basically, 2
clever, 2
counter, 2
seen, 2
equivalent, 2
Dependencies, 2
juxtaposition, 2
Declaration, 2
full, 2
partially, 2
create, 2
Classes, 2
Type, 2
line, 2
needed, 2
after, 2
business, 2
trying, 2
extensions, 2
explanation, 2
move, 2
multi, 2
figure, 2
stuff, 2
nothing, 2
instances, 2
regular, 2
becomes, 2
returns, 2
using, 2
maybeNot, 2
right, 2
essentially, 2
means, 2
ugly, 2
working, 2
pop, 2
often, 2
mathematical, 2
anyway, 2
doing, 2
newer, 2
simply, 2
bar, 2
three, 2
At, 2
foo, 2
Here, 2
fine, 2
them, 2
something, 2
As, 2
docs, 2
aside, 2
e, 2
common, 2
discussing, 2
silly, 2
wrap, 2
allowing, 2
bits, 2
uniquely, 2
determines, 2
monoidal, 2
mtl, 2
Which, 2
pure, 2
easily, 2
On, 2
Identity, 2
Unfortunately, 2
general, 2
particularly, 2
been, 2
points, 2
injection, 2
time, 2
computePrice, 2
associated, 2
various, 2
isn, 2
while, 2
map, 2
current, 2
even, 2
only, 2
Okay, 2
answer, 2
Dollars, 2
currencyDict, 2
done, 2
bit, 2
different, 2
dictionary, 2
And, 2
ls, 2
clos, 2
const, 2
element, 2
than, 2
lets, 2
dependency, 2
won, 2
interpreter, 2
list, 2
currencies, 2
These, 2
suggests, 2
operators, 2
player, 2
zip, 2
someone, 2
following, 2
Apply, 2
liftM, 2
mapM, 2
Double, 2
Tie, 2
Var, 2
How, 2
tutorial, 2
NotOver, 2
apply, 2
implemented, 2
generalized, 2
program, 2
http, 2
modify, 2
run, 2
well, 2
FirstPlayerWin, 2
algorithm, 2
version, 2
approach, 2
SecondPlayerWin, 2
such, 2
suggesting, 1
few, 1
aware, 1
terminology, 1
notably, 1
was, 1
fields, 1
lengthy, 1
unit, 1
null, 1
borrows, 1
infix, 1
Category, 1
clearly, 1
reconstruct, 1
describes, 1
mfPure, 1
begins, 1
documentation, 1
basis, 1
expect, 1
somewhere, 1
sits, 1
mfApply, 1
anything, 1
descriptive, 1
close, 1
usually, 1
shows, 1
formal, 1
related, 1
identity, 1
somewhat, 1
diverges, 1
names, 1
whence, 1
Theory, 1
enough, 1
probably, 1
Putting, 1
modified, 1
end, 1
zipWith, 1
With, 1
similarly, 1
reading, 1
closer, 1
typeswith, 1
relationship, 1
tricky, 1
intent, 1
recommend, 1
fundeps, 1
Ignoring, 1
FunctionalDependencies, 1
encourage, 1
MultiParamTypeClasses, 1
liberal, 1
pronunciation, 1
LANGUAGE, 1
lifts, 1
putting, 1
chains, 1
binds, 1
enters, 1
onto, 1
existing, 1
heart, 1
disallowed, 1
summarize, 1
difficult, 1
resolve, 1
overflow, 1
either, 1
Stack, 1
great, 1
pronounced, 1
builds, 1
again, 1
elide, 1
relation, 1
english, 1
entirely, 1
Collects, 1
details, 1
linked, 1
please, 1
Again, 1
normal, 1
IO, 1
says, 1
roughly, 1
part, 1
knowledge, 1
determined, 1
generalizes, 1
certain, 1
specify, 1
ambiguity, 1
ambiguous, 1
sensible, 1
empty, 1
many, 1
fmapbecause, 1
generalization, 1
sort, 1
exist, 1
interpretation, 1
comes, 1
signature, 1
listApply, 1
exactly, 1
works, 1
refers, 1
automatically, 1
tempting, 1
translate, 1
hassle, 1
lot, 1
lining, 1
Annoying, 1
parallel, 1
applying, 1
turns, 1
each, 1
wrong, 1
corresponding, 1
sneak, 1
useless, 1
old, 1
arebetter, 1
lifting, 1
source, 1
perfect, 1
Normal, 1
capabilities, 1
stand, 1
provide, 1
require, 1
Doing, 1
represents, 1
pronounce, 1
differently, 1
whitespace, 1
satisfying, 1
observe, 1
Where, 1
much, 1
short, 1
needs, 1
subset, 1
Lifting, 1
observations, 1
authors, 1
features, 1
introduced, 1
present, 1
clumsy, 1
number, 1
specifying, 1
latter, 1
weren, 1
Since, 1
options, 1
pretty, 1
violates, 1
mathematically, 1
interesting, 1
overall, 1
form, 1
assume, 1
concept, 1
correspond, 1
down, 1
boils, 1
truly, 1
introduces, 1
conjure, 1
catchy, 1
quite, 1
Not, 1
StrongLaxMonoidalFunctor, 1
Hmm, 1
fix, 1
lax, 1
strong, 1
Technically, 1
force, 1
binding, 1
consistent, 1
sequencing, 1
expressions, 1
result, 1
ready, 1
made, 1
independent, 1
Functorwe, 1
laws, 1
lengths, 1
makes, 1
stringing, 1
ofzipWith, 1
imagine, 1
calling, 1
likewise, 1
fzipWith, 1
zipping, 1
arguably, 1
circle, 1
combination, 1
friend, 1
Consider, 1
earlier, 1
combining, 1
monoids, 1
familiar, 1
mempty, 1
mappend, 1
practice, 1
amounts, 1
box, 1
set, 1
capture, 1
lying, 1
shook, 1
Recall, 1
direction, 1
lndevnotes, 1
Parameter, 1
fully, 1
elegant, 1
fancy, 1
already, 1
parts, 1
API, 1
guess, 1
every, 1
bad, 1
Why, 1
Good, 1
question, 1
Actually, 1
simpler, 1
scary, 1
id, 1
interpret, 1
Nothing, 1
syntax, 1
deriving, 1
Show, 1
evaluator, 1
language, 1
track, 1
unbound, 1
bindings, 1
static, 1
scoping, 1
When, 1
error, 1
lookup, 1
problem, 1
closures, 1
order, 1
stackoverflow, 1
com, 1
stuck, 1
hope, 1
helpful, 1
Data, 1
datatype, 1
Most, 1
gotten, 1
tutorials, 1
crazy, 1
holds, 1
weird, 1
Furthermore, 1
accessor, 1
weirdly, 1
showing, 1
Listmonads, 1
understanding, 1
who, 1
questions, 1
purpose, 1
Tutorial, 1
Confused, 1
brandon, 1
si, 1
confused, 1
brief, 1
bridge, 1
elusive, 1
gaps, 1
encountered, 1
explanations, 1
cut, 1
sticky, 1
based, 1
imperative, 1
languages, 1
interpreters, 1
people, 1
frequently, 1
highly, 1
optimized, 1
forms, 1
compute, 1
OO, 1
itself, 1
care, 1
playing, 1
except, 1
determine, 1
next, 1
positions, 1
though, 1
tell, 1
perform, 1
Any, 1
ARCHIVE, 1
Don, 1
scared, 1
real, 1
easy, 1
utility, 1
constant, 1
ways, 1
equipped, 1
arise, 1
finally, 1
implicit, 1
configuration, 1
information, 1
approaching, 1
victory, 1
import, 1
maximum, 1
CurrencyName, 1
spot, 1
prices, 1
wait, 1
currency, 1
immutable, 1
Map, 1
life, 1
compiled, 1
option, 1
insert, 1
Perhaps, 1
classic, 1
implementing, 1
gets, 1
level, 1
attempt, 1
Your, 1
finite, 1
deterministic, 1
pattern, 1
Suppose, 1
finance, 1
design, 1
logic, 1
pricing, 1
asset, 1
derivative, 1
without, 1
stinking, 1
deal, 1
convert, 1
fly, 1
introduce, 1
enable, 1
sounding, 1
variables, 1
post, 1
awful, 1
Getting, 1
added, 1
request, 1
expert, 1
Bonus, 1
describe, 1
libraries, 1
Instead, 1
transformer, 1
haven, 1
transformers, 1
follow, 1
standard, 1
links, 1
pictures, 1
meaningful, 1
unwrap, 1
pass, 1
evaluate, 1
entire, 1
Final, 1
Note, 1
notation, 1
About, 1
Remember, 1
desugaring, 1
arrow, 1
previous, 1
fstin, 1
tuple, 1
Notation, 1
hackage, 1
noticed, 1
typeclass, 1
since, 1
neglected, 1
methods, 1
being, 1
passed, 1
replace, 1
Small, 1
Quite, 1
better, 1
grasp, 1
Excercise, 1
Back, 1
confusing, 1
sticking, 1
got, 1
basic, 1
interface, 1
share, 1
package, 1
wondering, 1
fits, 1
explain, 1
odd, 1
looking, 1
moment, 1
Whereas, 1
were, 1
concrete, 1
typeclassfor, 1
allows, 1
variety, 1
Transformer, 1
stacks, 1
until, 1
free, 1
bound, 1
keeping, 1
weirdness, 1
outlined, 1
stupid, 1
contained, 1
along, 1
incremented, 1
sure, 1
mod, 1
give, 1
contents, 1
i, 1
It, 1
spiced, 1
named, 1
otherwise, 1
thought, 1
actual, 1
bring, 1
Yikes, 1
straight, 1
First, 1
formalize, 1
Stepping, 1
conceptual, 1
discussion, 1
acting, 1
mechanism, 1
composing, 1
val, 1
within, 1
Num, 1
gives, 1
container, 1
building, 1
composed, 1
etc, 1
feet, 1
ignore, 1
whole, 1
wrapping, 1
recall, 1
super, 1
wet, 1
special, 1
produces, 1
generates, 1
job, 1
combine, 1
bigger, 1
let, 1
going, 1
Bind, 1
compiler, 1
forget, 1
leaves, 1
unanswered, 1
exploring, 1
Instance, 1
remain, 1
compose, 1
whereas, 1
may, 1
change, 1
Before, 1
meat, 1
d, 1
calibrated, 1
Whenever, 1
everywhere, 1
main, 1
little, 1

